helm not found in current directory
--2024-09-03 13:17:17--  https://get.helm.sh/helm-v3.15.4-linux-amd64.tar.gz
Resolving get.helm.sh (get.helm.sh)... 152.195.19.97, 2606:2800:11f:1cb7:261b:1f9c:2074:3c
Connecting to get.helm.sh (get.helm.sh)|152.195.19.97|:443... connected.
HTTP request sent, awaiting response... 200 OK
Length: 16626315 (16M) [application/x-tar]
Saving to: ‘helm-v3.15.4-linux-amd64.tar.gz’

     0K .......... .......... .......... .......... ..........  0% 33.3M 0s
    50K .......... .......... .......... .......... ..........  0% 84.7M 0s
   100K .......... .......... .......... .......... ..........  0% 19.5M 0s
   150K .......... .......... .......... .......... ..........  1% 62.5M 0s
   200K .......... .......... .......... .......... ..........  1%  180M 0s
   250K .......... .......... .......... .......... ..........  1% 62.8M 0s
   300K .......... .......... .......... .......... ..........  2%  195M 0s
   350K .......... .......... .......... .......... ..........  2% 84.3M 0s
   400K .......... .......... .......... .......... ..........  2%  165M 0s
   450K .......... .......... .......... .......... ..........  3%  207M 0s
   500K .......... .......... .......... .......... ..........  3%  151M 0s
   550K .......... .......... .......... .......... ..........  3%  184M 0s
   600K .......... .......... .......... .......... ..........  4%  217M 0s
   650K .......... .......... .......... .......... ..........  4%  205M 0s
   700K .......... .......... .......... .......... ..........  4%  230M 0s
   750K .......... .......... .......... .......... ..........  4%  186M 0s
   800K .......... .......... .......... .......... ..........  5% 99.7M 0s
   850K .......... .......... .......... .......... ..........  5%  228M 0s
   900K .......... .......... .......... .......... ..........  5%  222M 0s
   950K .......... .......... .......... .......... ..........  6%  202M 0s
  1000K .......... .......... .......... .......... ..........  6%  204M 0s
  1050K .......... .......... .......... .......... ..........  6%  227M 0s
  1100K .......... .......... .......... .......... ..........  7%  212M 0s
  1150K .......... .......... .......... .......... ..........  7%  168M 0s
  1200K .......... .......... .......... .......... ..........  7%  205M 0s
  1250K .......... .......... .......... .......... ..........  8%  226M 0s
  1300K .......... .......... .......... .......... ..........  8%  193M 0s
  1350K .......... .......... .......... .......... ..........  8%  210M 0s
  1400K .......... .......... .......... .......... ..........  8%  231M 0s
  1450K .......... .......... .......... .......... ..........  9%  241M 0s
  1500K .......... .......... .......... .......... ..........  9%  229M 0s
  1550K .......... .......... .......... .......... ..........  9%  199M 0s
  1600K .......... .......... .......... .......... .......... 10%  233M 0s
  1650K .......... .......... .......... .......... .......... 10%  232M 0s
  1700K .......... .......... .......... .......... .......... 10%  226M 0s
  1750K .......... .......... .......... .......... .......... 11%  193M 0s
  1800K .......... .......... .......... .......... .......... 11%  187M 0s
  1850K .......... .......... .......... .......... .......... 11%  187M 0s
  1900K .......... .......... .......... .......... .......... 12%  198M 0s
  1950K .......... .......... .......... .......... .......... 12%  181M 0s
  2000K .......... .......... .......... .......... .......... 12% 16.5M 0s
  2050K .......... .......... .......... .......... .......... 12%  129M 0s
  2100K .......... .......... .......... .......... .......... 13%  135M 0s
  2150K .......... .......... .......... .......... .......... 13%  162M 0s
  2200K .......... .......... .......... .......... .......... 13%  195M 0s
  2250K .......... .......... .......... .......... .......... 14%  185M 0s
  2300K .......... .......... .......... .......... .......... 14%  193M 0s
  2350K .......... .......... .......... .......... .......... 14%  187M 0s
  2400K .......... .......... .......... .......... .......... 15%  195M 0s
  2450K .......... .......... .......... .......... .......... 15%  189M 0s
  2500K .......... .......... .......... .......... .......... 15%  202M 0s
  2550K .......... .......... .......... .......... .......... 16%  175M 0s
  2600K .......... .......... .......... .......... .......... 16%  204M 0s
  2650K .......... .......... .......... .......... .......... 16%  214M 0s
  2700K .......... .......... .......... .......... .......... 16%  204M 0s
  2750K .......... .......... .......... .......... .......... 17%  171M 0s
  2800K .......... .......... .......... .......... .......... 17%  196M 0s
  2850K .......... .......... .......... .......... .......... 17%  183M 0s
  2900K .......... .......... .......... .......... .......... 18%  230M 0s
  2950K .......... .......... .......... .......... .......... 18%  195M 0s
  3000K .......... .......... .......... .......... .......... 18%  204M 0s
  3050K .......... .......... .......... .......... .......... 19%  213M 0s
  3100K .......... .......... .......... .......... .......... 19%  215M 0s
  3150K .......... .......... .......... .......... .......... 19%  166M 0s
  3200K .......... .......... .......... .......... .......... 20%  190M 0s
  3250K .......... .......... .......... .......... .......... 20%  228M 0s
  3300K .......... .......... .......... .......... .......... 20%  205M 0s
  3350K .......... .......... .......... .......... .......... 20%  167M 0s
  3400K .......... .......... .......... .......... .......... 21%  208M 0s
  3450K .......... .......... .......... .......... .......... 21%  216M 0s
  3500K .......... .......... .......... .......... .......... 21%  219M 0s
  3550K .......... .......... .......... .......... .......... 22%  174M 0s
  3600K .......... .......... .......... .......... .......... 22%  211M 0s
  3650K .......... .......... .......... .......... .......... 22%  192M 0s
  3700K .......... .......... .......... .......... .......... 23%  210M 0s
  3750K .......... .......... .......... .......... .......... 23%  185M 0s
  3800K .......... .......... .......... .......... .......... 23%  220M 0s
  3850K .......... .......... .......... .......... .......... 24%  244M 0s
  3900K .......... .......... .......... .......... .......... 24%  238M 0s
  3950K .......... .......... .......... .......... .......... 24%  198M 0s
  4000K .......... .......... .......... .......... .......... 24%  223M 0s
  4050K .......... .......... .......... .......... .......... 25%  227M 0s
  4100K .......... .......... .......... .......... .......... 25%  233M 0s
  4150K .......... .......... .......... .......... .......... 25%  193M 0s
  4200K .......... .......... .......... .......... .......... 26%  198M 0s
  4250K .......... .......... .......... .......... .......... 26%  221M 0s
  4300K .......... .......... .......... .......... .......... 26%  211M 0s
  4350K .......... .......... .......... .......... .......... 27%  191M 0s
  4400K .......... .......... .......... .......... .......... 27%  202M 0s
  4450K .......... .......... .......... .......... .......... 27%  204M 0s
  4500K .......... .......... .......... .......... .......... 28%  214M 0s
  4550K .......... .......... .......... .......... .......... 28%  215M 0s
  4600K .......... .......... .......... .......... .......... 28%  222M 0s
  4650K .......... .......... .......... .......... .......... 28%  232M 0s
  4700K .......... .......... .......... .......... .......... 29%  200M 0s
  4750K .......... .......... .......... .......... .......... 29%  178M 0s
  4800K .......... .......... .......... .......... .......... 29%  199M 0s
  4850K .......... .......... .......... .......... .......... 30%  186M 0s
  4900K .......... .......... .......... .......... .......... 30%  216M 0s
  4950K .......... .......... .......... .......... .......... 30%  201M 0s
  5000K .......... .......... .......... .......... .......... 31%  229M 0s
  5050K .......... .......... .......... .......... .......... 31%  238M 0s
  5100K .......... .......... .......... .......... .......... 31% 24.9M 0s
  5150K .......... .......... .......... .......... .......... 32%  159M 0s
  5200K .......... .......... .......... .......... .......... 32%  141M 0s
  5250K .......... .......... .......... .......... .......... 32%  222M 0s
  5300K .......... .......... .......... .......... .......... 32%  204M 0s
  5350K .......... .......... .......... .......... .......... 33%  186M 0s
  5400K .......... .......... .......... .......... .......... 33%  149M 0s
  5450K .......... .......... .......... .......... .......... 33%  169M 0s
  5500K .......... .......... .......... .......... .......... 34%  201M 0s
  5550K .......... .......... .......... .......... .......... 34%  133M 0s
  5600K .......... .......... .......... .......... .......... 34% 55.2M 0s
  5650K .......... .......... .......... .......... .......... 35%  154M 0s
  5700K .......... .......... .......... .......... .......... 35%  201M 0s
  5750K .......... .......... .......... .......... .......... 35%  188M 0s
  5800K .......... .......... .......... .......... .......... 36%  192M 0s
  5850K .......... .......... .......... .......... .......... 36%  191M 0s
  5900K .......... .......... .......... .......... .......... 36%  225M 0s
  5950K .......... .......... .......... .......... .......... 36%  166M 0s
  6000K .......... .......... .......... .......... .......... 37%  189M 0s
  6050K .......... .......... .......... .......... .......... 37%  197M 0s
  6100K .......... .......... .......... .......... .......... 37%  197M 0s
  6150K .......... .......... .......... .......... .......... 38%  203M 0s
  6200K .......... .......... .......... .......... .......... 38%  206M 0s
  6250K .......... .......... .......... .......... .......... 38%  208M 0s
  6300K .......... .......... .......... .......... .......... 39%  217M 0s
  6350K .......... .......... .......... .......... .......... 39%  170M 0s
  6400K .......... .......... .......... .......... .......... 39%  167M 0s
  6450K .......... .......... .......... .......... .......... 40%  205M 0s
  6500K .......... .......... .......... .......... .......... 40%  195M 0s
  6550K .......... .......... .......... .......... .......... 40%  185M 0s
  6600K .......... .......... .......... .......... .......... 40%  215M 0s
  6650K .......... .......... .......... .......... .......... 41%  195M 0s
  6700K .......... .......... .......... .......... .......... 41%  214M 0s
  6750K .......... .......... .......... .......... .......... 41%  150M 0s
  6800K .......... .......... .......... .......... .......... 42%  200M 0s
  6850K .......... .......... .......... .......... .......... 42%  206M 0s
  6900K .......... .......... .......... .......... .......... 42%  211M 0s
  6950K .......... .......... .......... .......... .......... 43%  189M 0s
  7000K .......... .......... .......... .......... .......... 43%  197M 0s
  7050K .......... .......... .......... .......... .......... 43%  209M 0s
  7100K .......... .......... .......... .......... .......... 44%  211M 0s
  7150K .......... .......... .......... .......... .......... 44%  161M 0s
  7200K .......... .......... .......... .......... .......... 44%  212M 0s
  7250K .......... .......... .......... .......... .......... 44%  204M 0s
  7300K .......... .......... .......... .......... .......... 45%  213M 0s
  7350K .......... .......... .......... .......... .......... 45%  194M 0s
  7400K .......... .......... .......... .......... .......... 45%  198M 0s
  7450K .......... .......... .......... .......... .......... 46%  217M 0s
  7500K .......... .......... .......... .......... .......... 46%  200M 0s
  7550K .......... .......... .......... .......... .......... 46%  169M 0s
  7600K .......... .......... .......... .......... .......... 47%  209M 0s
  7650K .......... .......... .......... .......... .......... 47%  212M 0s
  7700K .......... .......... .......... .......... .......... 47%  232M 0s
  7750K .......... .......... .......... .......... .......... 48%  210M 0s
  7800K .......... .......... .......... .......... .......... 48%  214M 0s
  7850K .......... .......... .......... .......... .......... 48%  198M 0s
  7900K .......... .......... .......... .......... .......... 48%  167M 0s
  7950K .......... .......... .......... .......... .......... 49%  180M 0s
  8000K .......... .......... .......... .......... .......... 49%  216M 0s
  8050K .......... .......... .......... .......... .......... 49%  191M 0s
  8100K .......... .......... .......... .......... .......... 50%  205M 0s
  8150K .......... .......... .......... .......... .......... 50%  191M 0s
  8200K .......... .......... .......... .......... .......... 50%  199M 0s
  8250K .......... .......... .......... .......... .......... 51%  209M 0s
  8300K .......... .......... .......... .......... .......... 51%  205M 0s
  8350K .......... .......... .......... .......... .......... 51%  170M 0s
  8400K .......... .......... .......... .......... .......... 52%  200M 0s
  8450K .......... .......... .......... .......... .......... 52%  225M 0s
  8500K .......... .......... .......... .......... .......... 52%  185M 0s
  8550K .......... .......... .......... .......... .......... 52%  182M 0s
  8600K .......... .......... .......... .......... .......... 53%  193M 0s
  8650K .......... .......... .......... .......... .......... 53%  204M 0s
  8700K .......... .......... .......... .......... .......... 53%  223M 0s
  8750K .......... .......... .......... .......... .......... 54%  197M 0s
  8800K .......... .......... .......... .......... .......... 54%  221M 0s
  8850K .......... .......... .......... .......... .......... 54%  184M 0s
  8900K .......... .......... .......... .......... .......... 55%  192M 0s
  8950K .......... .......... .......... .......... .......... 55%  162M 0s
  9000K .......... .......... .......... .......... .......... 55%  225M 0s
  9050K .......... .......... .......... .......... .......... 56%  213M 0s
  9100K .......... .......... .......... .......... .......... 56%  201M 0s
  9150K .......... .......... .......... .......... .......... 56%  166M 0s
  9200K .......... .......... .......... .......... .......... 56%  191M 0s
  9250K .......... .......... .......... .......... .......... 57%  233M 0s
  9300K .......... .......... .......... .......... .......... 57%  208M 0s
  9350K .......... .......... .......... .......... .......... 57%  189M 0s
  9400K .......... .......... .......... .......... .......... 58%  208M 0s
  9450K .......... .......... .......... .......... .......... 58%  204M 0s
  9500K .......... .......... .......... .......... .......... 58%  232M 0s
  9550K .......... .......... .......... .......... .......... 59%  153M 0s
  9600K .......... .......... .......... .......... .......... 59%  200M 0s
  9650K .......... .......... .......... .......... .......... 59%  183M 0s
  9700K .......... .......... .......... .......... .......... 60%  221M 0s
  9750K .......... .......... .......... .......... .......... 60%  190M 0s
  9800K .......... .......... .......... .......... .......... 60%  193M 0s
  9850K .......... .......... .......... .......... .......... 60%  205M 0s
  9900K .......... .......... .......... .......... .......... 61%  200M 0s
  9950K .......... .......... .......... .......... .......... 61%  199M 0s
 10000K .......... .......... .......... .......... .......... 61%  196M 0s
 10050K .......... .......... .......... .......... .......... 62%  187M 0s
 10100K .......... .......... .......... .......... .......... 62%  217M 0s
 10150K .......... .......... .......... .......... .......... 62%  194M 0s
 10200K .......... .......... .......... .......... .......... 63%  228M 0s
 10250K .......... .......... .......... .......... .......... 63%  204M 0s
 10300K .......... .......... .......... .......... .......... 63%  201M 0s
 10350K .......... .......... .......... .......... .......... 64%  166M 0s
 10400K .......... .......... .......... .......... .......... 64%  211M 0s
 10450K .......... .......... .......... .......... .......... 64%  202M 0s
 10500K .......... .......... .......... .......... .......... 64%  214M 0s
 10550K .......... .......... .......... .......... .......... 65%  188M 0s
 10600K .......... .......... .......... .......... .......... 65%  214M 0s
 10650K .......... .......... .......... .......... .......... 65%  196M 0s
 10700K .......... .......... .......... .......... .......... 66%  210M 0s
 10750K .......... .......... .......... .......... .......... 66%  154M 0s
 10800K .......... .......... .......... .......... .......... 66%  210M 0s
 10850K .......... .......... .......... .......... .......... 67%  184M 0s
 10900K .......... .......... .......... .......... .......... 67%  200M 0s
 10950K .......... .......... .......... .......... .......... 67%  202M 0s
 11000K .......... .......... .......... .......... .......... 68%  192M 0s
 11050K .......... .......... .......... .......... .......... 68%  204M 0s
 11100K .......... .......... .......... .......... .......... 68%  204M 0s
 11150K .......... .......... .......... .......... .......... 68%  178M 0s
 11200K .......... .......... .......... .......... .......... 69%  193M 0s
 11250K .......... .......... .......... .......... .......... 69%  185M 0s
 11300K .......... .......... .......... .......... .......... 69%  196M 0s
 11350K .......... .......... .......... .......... .......... 70%  193M 0s
 11400K .......... .......... .......... .......... .......... 70%  213M 0s
 11450K .......... .......... .......... .......... .......... 70%  191M 0s
 11500K .......... .......... .......... .......... .......... 71%  190M 0s
 11550K .......... .......... .......... .......... .......... 71%  161M 0s
 11600K .......... .......... .......... .......... .......... 71%  214M 0s
 11650K .......... .......... .......... .......... .......... 72%  210M 0s
 11700K .......... .......... .......... .......... .......... 72%  206M 0s
 11750K .......... .......... .......... .......... .......... 72%  172M 0s
 11800K .......... .......... .......... .......... .......... 72%  203M 0s
 11850K .......... .......... .......... .......... .......... 73%  192M 0s
 11900K .......... .......... .......... .......... .......... 73%  205M 0s
 11950K .......... .......... .......... .......... .......... 73%  159M 0s
 12000K .......... .......... .......... .......... .......... 74%  229M 0s
 12050K .......... .......... .......... .......... .......... 74%  171M 0s
 12100K .......... .......... .......... .......... .......... 74%  150M 0s
 12150K .......... .......... .......... .......... .......... 75%  177M 0s
 12200K .......... .......... .......... .......... .......... 75%  221M 0s
 12250K .......... .......... .......... .......... .......... 75%  191M 0s
 12300K .......... .......... .......... .......... .......... 76%  192M 0s
 12350K .......... .......... .......... .......... .......... 76%  169M 0s
 12400K .......... .......... .......... .......... .......... 76%  180M 0s
 12450K .......... .......... .......... .......... .......... 76%  199M 0s
 12500K .......... .......... .......... .......... .......... 77%  186M 0s
 12550K .......... .......... .......... .......... .......... 77%  179M 0s
 12600K .......... .......... .......... .......... .......... 77%  207M 0s
 12650K .......... .......... .......... .......... .......... 78%  185M 0s
 12700K .......... .......... .......... .......... .......... 78%  188M 0s
 12750K .......... .......... .......... .......... .......... 78%  161M 0s
 12800K .......... .......... .......... .......... .......... 79%  174M 0s
 12850K .......... .......... .......... .......... .......... 79%  188M 0s
 12900K .......... .......... .......... .......... .......... 79%  227M 0s
 12950K .......... .......... .......... .......... .......... 80%  179M 0s
 13000K .......... .......... .......... .......... .......... 80%  210M 0s
 13050K .......... .......... .......... .......... .......... 80%  211M 0s
 13100K .......... .......... .......... .......... .......... 80%  205M 0s
 13150K .......... .......... .......... .......... .......... 81%  179M 0s
 13200K .......... .......... .......... .......... .......... 81%  207M 0s
 13250K .......... .......... .......... .......... .......... 81%  202M 0s
 13300K .......... .......... .......... .......... .......... 82%  189M 0s
 13350K .......... .......... .......... .......... .......... 82%  178M 0s
 13400K .......... .......... .......... .......... .......... 82%  184M 0s
 13450K .......... .......... .......... .......... .......... 83%  216M 0s
 13500K .......... .......... .......... .......... .......... 83%  194M 0s
 13550K .......... .......... .......... .......... .......... 83%  154M 0s
 13600K .......... .......... .......... .......... .......... 84%  196M 0s
 13650K .......... .......... .......... .......... .......... 84%  222M 0s
 13700K .......... .......... .......... .......... .......... 84%  206M 0s
 13750K .......... .......... .......... .......... .......... 84%  184M 0s
 13800K .......... .......... .......... .......... .......... 85%  204M 0s
 13850K .......... .......... .......... .......... .......... 85%  184M 0s
 13900K .......... .......... .......... .......... .......... 85%  210M 0s
 13950K .......... .......... .......... .......... .......... 86%  164M 0s
 14000K .......... .......... .......... .......... .......... 86%  193M 0s
 14050K .......... .......... .......... .......... .......... 86%  206M 0s
 14100K .......... .......... .......... .......... .......... 87%  216M 0s
 14150K .......... .......... .......... .......... .......... 87%  170M 0s
 14200K .......... .......... .......... .......... .......... 87%  211M 0s
 14250K .......... .......... .......... .......... .......... 88%  175M 0s
 14300K .......... .......... .......... .......... .......... 88%  196M 0s
 14350K .......... .......... .......... .......... .......... 88%  159M 0s
 14400K .......... .......... .......... .......... .......... 88%  211M 0s
 14450K .......... .......... .......... .......... .......... 89%  197M 0s
 14500K .......... .......... .......... .......... .......... 89%  197M 0s
 14550K .......... .......... .......... .......... .......... 89%  200M 0s
 14600K .......... .......... .......... .......... .......... 90%  205M 0s
 14650K .......... .......... .......... .......... .......... 90%  223M 0s
 14700K .......... .......... .......... .......... .......... 90%  239M 0s
 14750K .......... .......... .......... .......... .......... 91%  185M 0s
 14800K .......... .......... .......... .......... .......... 91%  229M 0s
 14850K .......... .......... .......... .......... .......... 91%  251M 0s
 14900K .......... .......... .......... .......... .......... 92%  238M 0s
 14950K .......... .......... .......... .......... .......... 92%  213M 0s
 15000K .......... .......... .......... .......... .......... 92%  238M 0s
 15050K .......... .......... .......... .......... .......... 92%  227M 0s
 15100K .......... .......... .......... .......... .......... 93%  235M 0s
 15150K .......... .......... .......... .......... .......... 93%  195M 0s
 15200K .......... .......... .......... .......... .......... 93%  231M 0s
 15250K .......... .......... .......... .......... .......... 94%  202M 0s
 15300K .......... .......... .......... .......... .......... 94%  222M 0s
 15350K .......... .......... .......... .......... .......... 94%  192M 0s
 15400K .......... .......... .......... .......... .......... 95%  215M 0s
 15450K .......... .......... .......... .......... .......... 95%  234M 0s
 15500K .......... .......... .......... .......... .......... 95%  237M 0s
 15550K .......... .......... .......... .......... .......... 96%  195M 0s
 15600K .......... .......... .......... .......... .......... 96%  192M 0s
 15650K .......... .......... .......... .......... .......... 96%  222M 0s
 15700K .......... .......... .......... .......... .......... 97%  227M 0s
 15750K .......... .......... .......... .......... .......... 97%  210M 0s
 15800K .......... .......... .......... .......... .......... 97%  238M 0s
 15850K .......... .......... .......... .......... .......... 97%  223M 0s
 15900K .......... .......... .......... .......... .......... 98%  235M 0s
 15950K .......... .......... .......... .......... .......... 98%  187M 0s
 16000K .......... .......... .......... .......... .......... 98%  221M 0s
 16050K .......... .......... .......... .......... .......... 99%  227M 0s
 16100K .......... .......... .......... .......... .......... 99%  183M 0s
 16150K .......... .......... .......... .......... .......... 99%  195M 0s
 16200K .......... .......... .......... ......               100%  250M=0.09s

2024-09-03 13:17:17 (174 MB/s) - ‘helm-v3.15.4-linux-amd64.tar.gz’ saved [16626315/16626315]

linux-amd64/helm
Cloning into 'k8s-infra'...
CLUSTER_NAME : tf8
Create nfs namespace
namespace/nfs created
Add helm stable repo
WARNING: Kubernetes configuration file is group-readable. This is insecure. Location: tf8-CONTROL-PLANE-NODE-1.yaml
WARNING: Kubernetes configuration file is world-readable. This is insecure. Location: tf8-CONTROL-PLANE-NODE-1.yaml
"csi-driver-nfs" has been added to your repositories
WARNING: Kubernetes configuration file is group-readable. This is insecure. Location: tf8-CONTROL-PLANE-NODE-1.yaml
WARNING: Kubernetes configuration file is world-readable. This is insecure. Location: tf8-CONTROL-PLANE-NODE-1.yaml
Hang tight while we grab the latest from your chart repositories...
...Successfully got an update from the "csi-driver-nfs" chart repository
Update Complete. ⎈Happy Helming!⎈
Installing NFS client provisioner
WARNING: Kubernetes configuration file is group-readable. This is insecure. Location: tf8-CONTROL-PLANE-NODE-1.yaml
WARNING: Kubernetes configuration file is world-readable. This is insecure. Location: tf8-CONTROL-PLANE-NODE-1.yaml
NAME: csi-driver-nfs
LAST DEPLOYED: Tue Sep  3 13:17:22 2024
NAMESPACE: nfs
STATUS: deployed
REVISION: 1
TEST SUITE: None
NOTES:
The CSI NFS Driver is getting deployed to your cluster.

To check CSI NFS Driver pods status, please run:

  kubectl --namespace=nfs get pods --selector="app.kubernetes.io/instance=csi-driver-nfs" --watch
Patching the StorageClass to set it as default
storageclass.storage.k8s.io/nfs-csi patched
NFS csi  installation and configuration completed.
