helm not found in current directory
--2024-09-10 07:51:59--  https://get.helm.sh/helm-v3.15.4-linux-amd64.tar.gz
Resolving get.helm.sh (get.helm.sh)... 152.195.19.97, 2606:2800:11f:1cb7:261b:1f9c:2074:3c
Connecting to get.helm.sh (get.helm.sh)|152.195.19.97|:443... connected.
HTTP request sent, awaiting response... 200 OK
Length: 16626315 (16M) [application/x-tar]
Saving to: ‘helm-v3.15.4-linux-amd64.tar.gz’

     0K .......... .......... .......... .......... ..........  0% 1.25M 13s
    50K .......... .......... .......... .......... ..........  0% 67.3M 6s
   100K .......... .......... .......... .......... ..........  0% 1.25M 8s
   150K .......... .......... .......... .......... ..........  1% 1.25M 9s
   200K .......... .......... .......... .......... ..........  1%  113M 8s
   250K .......... .......... .......... .......... ..........  1%  208M 6s
   300K .......... .......... .......... .......... ..........  2%  187M 5s
   350K .......... .......... .......... .......... ..........  2% 1.26M 6s
   400K .......... .......... .......... .......... ..........  2%  203M 6s
   450K .......... .......... .......... .......... ..........  3%  157M 5s
   500K .......... .......... .......... .......... ..........  3%  168M 5s
   550K .......... .......... .......... .......... ..........  3%  175M 4s
   600K .......... .......... .......... .......... ..........  4%  195M 4s
   650K .......... .......... .......... .......... ..........  4%  211M 4s
   700K .......... .......... .......... .......... ..........  4% 1.30M 4s
   750K .......... .......... .......... .......... ..........  4%  128M 4s
   800K .......... .......... .......... .......... ..........  5%  168M 4s
   850K .......... .......... .......... .......... ..........  5%  190M 3s
   900K .......... .......... .......... .......... ..........  5%  190M 3s
   950K .......... .......... .......... .......... ..........  6%  186M 3s
  1000K .......... .......... .......... .......... ..........  6%  200M 3s
  1050K .......... .......... .......... .......... ..........  6%  204M 3s
  1100K .......... .......... .......... .......... ..........  7%  172M 3s
  1150K .......... .......... .......... .......... ..........  7%  171M 2s
  1200K .......... .......... .......... .......... ..........  7%  212M 2s
  1250K .......... .......... .......... .......... ..........  8%  204M 2s
  1300K .......... .......... .......... .......... ..........  8%  217M 2s
  1350K .......... .......... .......... .......... ..........  8%  197M 2s
  1400K .......... .......... .......... .......... ..........  8%  209M 2s
  1450K .......... .......... .......... .......... ..........  9%  220M 2s
  1500K .......... .......... .......... .......... ..........  9% 1.37M 2s
  1550K .......... .......... .......... .......... ..........  9%  120M 2s
  1600K .......... .......... .......... .......... .......... 10%  200M 2s
  1650K .......... .......... .......... .......... .......... 10%  208M 2s
  1700K .......... .......... .......... .......... .......... 10%  187M 2s
  1750K .......... .......... .......... .......... .......... 11%  178M 2s
  1800K .......... .......... .......... .......... .......... 11%  170M 2s
  1850K .......... .......... .......... .......... .......... 11%  183M 2s
  1900K .......... .......... .......... .......... .......... 12%  204M 2s
  1950K .......... .......... .......... .......... .......... 12%  157M 2s
  2000K .......... .......... .......... .......... .......... 12%  156M 2s
  2050K .......... .......... .......... .......... .......... 12%  182M 2s
  2100K .......... .......... .......... .......... .......... 13%  185M 2s
  2150K .......... .......... .......... .......... .......... 13%  165M 2s
  2200K .......... .......... .......... .......... .......... 13%  142M 1s
  2250K .......... .......... .......... .......... .......... 14%  117M 1s
  2300K .......... .......... .......... .......... .......... 14%  148M 1s
  2350K .......... .......... .......... .......... .......... 14%  104M 1s
  2400K .......... .......... .......... .......... .......... 15%  113M 1s
  2450K .......... .......... .......... .......... .......... 15%  117M 1s
  2500K .......... .......... .......... .......... .......... 15%  138M 1s
  2550K .......... .......... .......... .......... .......... 16% 76.1M 1s
  2600K .......... .......... .......... .......... .......... 16%  152M 1s
  2650K .......... .......... .......... .......... .......... 16%  108M 1s
  2700K .......... .......... .......... .......... .......... 16%  143M 1s
  2750K .......... .......... .......... .......... .......... 17%  110M 1s
  2800K .......... .......... .......... .......... .......... 17%  193M 1s
  2850K .......... .......... .......... .......... .......... 17% 81.8M 1s
  2900K .......... .......... .......... .......... .......... 18%  116M 1s
  2950K .......... .......... .......... .......... .......... 18%  134M 1s
  3000K .......... .......... .......... .......... .......... 18%  106M 1s
  3050K .......... .......... .......... .......... .......... 19% 1.72M 1s
  3100K .......... .......... .......... .......... .......... 19%  112M 1s
  3150K .......... .......... .......... .......... .......... 19%  137M 1s
  3200K .......... .......... .......... .......... .......... 20% 74.5M 1s
  3250K .......... .......... .......... .......... .......... 20%  151M 1s
  3300K .......... .......... .......... .......... .......... 20%  171M 1s
  3350K .......... .......... .......... .......... .......... 20%  183M 1s
  3400K .......... .......... .......... .......... .......... 21%  179M 1s
  3450K .......... .......... .......... .......... .......... 21%  160M 1s
  3500K .......... .......... .......... .......... .......... 21%  162M 1s
  3550K .......... .......... .......... .......... .......... 22% 92.9M 1s
  3600K .......... .......... .......... .......... .......... 22%  106M 1s
  3650K .......... .......... .......... .......... .......... 22%  151M 1s
  3700K .......... .......... .......... .......... .......... 23%  206M 1s
  3750K .......... .......... .......... .......... .......... 23%  195M 1s
  3800K .......... .......... .......... .......... .......... 23%  196M 1s
  3850K .......... .......... .......... .......... .......... 24%  190M 1s
  3900K .......... .......... .......... .......... .......... 24%  244M 1s
  3950K .......... .......... .......... .......... .......... 24%  184M 1s
  4000K .......... .......... .......... .......... .......... 24%  217M 1s
  4050K .......... .......... .......... .......... .......... 25%  217M 1s
  4100K .......... .......... .......... .......... .......... 25%  221M 1s
  4150K .......... .......... .......... .......... .......... 25%  165M 1s
  4200K .......... .......... .......... .......... .......... 26%  225M 1s
  4250K .......... .......... .......... .......... .......... 26%  225M 1s
  4300K .......... .......... .......... .......... .......... 26%  207M 1s
  4350K .......... .......... .......... .......... .......... 27%  184M 1s
  4400K .......... .......... .......... .......... .......... 27%  204M 1s
  4450K .......... .......... .......... .......... .......... 27%  229M 1s
  4500K .......... .......... .......... .......... .......... 28%  225M 1s
  4550K .......... .......... .......... .......... .......... 28%  189M 1s
  4600K .......... .......... .......... .......... .......... 28%  214M 1s
  4650K .......... .......... .......... .......... .......... 28%  205M 1s
  4700K .......... .......... .......... .......... .......... 29%  200M 1s
  4750K .......... .......... .......... .......... .......... 29%  177M 1s
  4800K .......... .......... .......... .......... .......... 29%  194M 1s
  4850K .......... .......... .......... .......... .......... 30%  206M 1s
  4900K .......... .......... .......... .......... .......... 30%  192M 1s
  4950K .......... .......... .......... .......... .......... 30%  190M 1s
  5000K .......... .......... .......... .......... .......... 31%  191M 1s
  5050K .......... .......... .......... .......... .......... 31%  205M 1s
  5100K .......... .......... .......... .......... .......... 31%  199M 1s
  5150K .......... .......... .......... .......... .......... 32%  172M 1s
  5200K .......... .......... .......... .......... .......... 32%  197M 1s
  5250K .......... .......... .......... .......... .......... 32%  219M 1s
  5300K .......... .......... .......... .......... .......... 32%  193M 1s
  5350K .......... .......... .......... .......... .......... 33%  194M 1s
  5400K .......... .......... .......... .......... .......... 33%  164M 1s
  5450K .......... .......... .......... .......... .......... 33%  210M 1s
  5500K .......... .......... .......... .......... .......... 34%  209M 1s
  5550K .......... .......... .......... .......... .......... 34% 1.87M 1s
  5600K .......... .......... .......... .......... .......... 34%  169M 1s
  5650K .......... .......... .......... .......... .......... 35%  160M 1s
  5700K .......... .......... .......... .......... .......... 35%  188M 1s
  5750K .......... .......... .......... .......... .......... 35%  167M 1s
  5800K .......... .......... .......... .......... .......... 36%  196M 1s
  5850K .......... .......... .......... .......... .......... 36%  184M 1s
  5900K .......... .......... .......... .......... .......... 36%  215M 1s
  5950K .......... .......... .......... .......... .......... 36%  168M 1s
  6000K .......... .......... .......... .......... .......... 37%  184M 1s
  6050K .......... .......... .......... .......... .......... 37%  187M 1s
  6100K .......... .......... .......... .......... .......... 37%  203M 1s
  6150K .......... .......... .......... .......... .......... 38%  164M 1s
  6200K .......... .......... .......... .......... .......... 38%  199M 1s
  6250K .......... .......... .......... .......... .......... 38%  182M 1s
  6300K .......... .......... .......... .......... .......... 39%  197M 0s
  6350K .......... .......... .......... .......... .......... 39%  160M 0s
  6400K .......... .......... .......... .......... .......... 39%  211M 0s
  6450K .......... .......... .......... .......... .......... 40%  194M 0s
  6500K .......... .......... .......... .......... .......... 40%  211M 0s
  6550K .......... .......... .......... .......... .......... 40%  177M 0s
  6600K .......... .......... .......... .......... .......... 40%  203M 0s
  6650K .......... .......... .......... .......... .......... 41%  199M 0s
  6700K .......... .......... .......... .......... .......... 41%  223M 0s
  6750K .......... .......... .......... .......... .......... 41%  175M 0s
  6800K .......... .......... .......... .......... .......... 42%  210M 0s
  6850K .......... .......... .......... .......... .......... 42%  203M 0s
  6900K .......... .......... .......... .......... .......... 42%  205M 0s
  6950K .......... .......... .......... .......... .......... 43%  170M 0s
  7000K .......... .......... .......... .......... .......... 43%  204M 0s
  7050K .......... .......... .......... .......... .......... 43%  208M 0s
  7100K .......... .......... .......... .......... .......... 44%  205M 0s
  7150K .......... .......... .......... .......... .......... 44%  185M 0s
  7200K .......... .......... .......... .......... .......... 44%  209M 0s
  7250K .......... .......... .......... .......... .......... 44%  190M 0s
  7300K .......... .......... .......... .......... .......... 45%  233M 0s
  7350K .......... .......... .......... .......... .......... 45%  182M 0s
  7400K .......... .......... .......... .......... .......... 45%  201M 0s
  7450K .......... .......... .......... .......... .......... 46%  213M 0s
  7500K .......... .......... .......... .......... .......... 46%  225M 0s
  7550K .......... .......... .......... .......... .......... 46%  170M 0s
  7600K .......... .......... .......... .......... .......... 47%  208M 0s
  7650K .......... .......... .......... .......... .......... 47% 1.69M 0s
  7700K .......... .......... .......... .......... .......... 47%  151M 0s
  7750K .......... .......... .......... .......... .......... 48%  154M 0s
  7800K .......... .......... .......... .......... .......... 48%  247M 0s
  7850K .......... .......... .......... .......... .......... 48%  222M 0s
  7900K .......... .......... .......... .......... .......... 48%  197M 0s
  7950K .......... .......... .......... .......... .......... 49%  162M 0s
  8000K .......... .......... .......... .......... .......... 49%  202M 0s
  8050K .......... .......... .......... .......... .......... 49%  205M 0s
  8100K .......... .......... .......... .......... .......... 50%  211M 0s
  8150K .......... .......... .......... .......... .......... 50%  184M 0s
  8200K .......... .......... .......... .......... .......... 50%  189M 0s
  8250K .......... .......... .......... .......... .......... 51%  204M 0s
  8300K .......... .......... .......... .......... .......... 51%  182M 0s
  8350K .......... .......... .......... .......... .......... 51%  154M 0s
  8400K .......... .......... .......... .......... .......... 52%  197M 0s
  8450K .......... .......... .......... .......... .......... 52%  173M 0s
  8500K .......... .......... .......... .......... .......... 52%  198M 0s
  8550K .......... .......... .......... .......... .......... 52%  149M 0s
  8600K .......... .......... .......... .......... .......... 53%  204M 0s
  8650K .......... .......... .......... .......... .......... 53%  193M 0s
  8700K .......... .......... .......... .......... .......... 53%  191M 0s
  8750K .......... .......... .......... .......... .......... 54%  160M 0s
  8800K .......... .......... .......... .......... .......... 54%  181M 0s
  8850K .......... .......... .......... .......... .......... 54%  163M 0s
  8900K .......... .......... .......... .......... .......... 55%  184M 0s
  8950K .......... .......... .......... .......... .......... 55%  170M 0s
  9000K .......... .......... .......... .......... .......... 55%  202M 0s
  9050K .......... .......... .......... .......... .......... 56%  196M 0s
  9100K .......... .......... .......... .......... .......... 56%  215M 0s
  9150K .......... .......... .......... .......... .......... 56%  219M 0s
  9200K .......... .......... .......... .......... .......... 56%  253M 0s
  9250K .......... .......... .......... .......... .......... 57%  244M 0s
  9300K .......... .......... .......... .......... .......... 57%  221M 0s
  9350K .......... .......... .......... .......... .......... 57%  223M 0s
  9400K .......... .......... .......... .......... .......... 58%  243M 0s
  9450K .......... .......... .......... .......... .......... 58%  232M 0s
  9500K .......... .......... .......... .......... .......... 58%  249M 0s
  9550K .......... .......... .......... .......... .......... 59%  184M 0s
  9600K .......... .......... .......... .......... .......... 59%  236M 0s
  9650K .......... .......... .......... .......... .......... 59%  224M 0s
  9700K .......... .......... .......... .......... .......... 60%  216M 0s
  9750K .......... .......... .......... .......... .......... 60%  188M 0s
  9800K .......... .......... .......... .......... .......... 60%  214M 0s
  9850K .......... .......... .......... .......... .......... 60%  211M 0s
  9900K .......... .......... .......... .......... .......... 61%  206M 0s
  9950K .......... .......... .......... .......... .......... 61%  177M 0s
 10000K .......... .......... .......... .......... .......... 61%  217M 0s
 10050K .......... .......... .......... .......... .......... 62%  223M 0s
 10100K .......... .......... .......... .......... .......... 62%  244M 0s
 10150K .......... .......... .......... .......... .......... 62%  212M 0s
 10200K .......... .......... .......... .......... .......... 63%  197M 0s
 10250K .......... .......... .......... .......... .......... 63% 1.82M 0s
 10300K .......... .......... .......... .......... .......... 63% 85.1M 0s
 10350K .......... .......... .......... .......... .......... 64%  118M 0s
 10400K .......... .......... .......... .......... .......... 64%  193M 0s
 10450K .......... .......... .......... .......... .......... 64%  180M 0s
 10500K .......... .......... .......... .......... .......... 64%  205M 0s
 10550K .......... .......... .......... .......... .......... 65%  186M 0s
 10600K .......... .......... .......... .......... .......... 65%  185M 0s
 10650K .......... .......... .......... .......... .......... 65%  207M 0s
 10700K .......... .......... .......... .......... .......... 66%  208M 0s
 10750K .......... .......... .......... .......... .......... 66%  161M 0s
 10800K .......... .......... .......... .......... .......... 66%  209M 0s
 10850K .......... .......... .......... .......... .......... 67%  194M 0s
 10900K .......... .......... .......... .......... .......... 67%  195M 0s
 10950K .......... .......... .......... .......... .......... 67%  175M 0s
 11000K .......... .......... .......... .......... .......... 68%  214M 0s
 11050K .......... .......... .......... .......... .......... 68%  196M 0s
 11100K .......... .......... .......... .......... .......... 68%  183M 0s
 11150K .......... .......... .......... .......... .......... 68%  151M 0s
 11200K .......... .......... .......... .......... .......... 69%  190M 0s
 11250K .......... .......... .......... .......... .......... 69%  208M 0s
 11300K .......... .......... .......... .......... .......... 69%  202M 0s
 11350K .......... .......... .......... .......... .......... 70%  175M 0s
 11400K .......... .......... .......... .......... .......... 70%  192M 0s
 11450K .......... .......... .......... .......... .......... 70%  212M 0s
 11500K .......... .......... .......... .......... .......... 71%  201M 0s
 11550K .......... .......... .......... .......... .......... 71%  162M 0s
 11600K .......... .......... .......... .......... .......... 71%  179M 0s
 11650K .......... .......... .......... .......... .......... 72%  202M 0s
 11700K .......... .......... .......... .......... .......... 72%  203M 0s
 11750K .......... .......... .......... .......... .......... 72%  179M 0s
 11800K .......... .......... .......... .......... .......... 72%  205M 0s
 11850K .......... .......... .......... .......... .......... 73%  202M 0s
 11900K .......... .......... .......... .......... .......... 73%  203M 0s
 11950K .......... .......... .......... .......... .......... 73%  160M 0s
 12000K .......... .......... .......... .......... .......... 74%  202M 0s
 12050K .......... .......... .......... .......... .......... 74%  205M 0s
 12100K .......... .......... .......... .......... .......... 74%  199M 0s
 12150K .......... .......... .......... .......... .......... 75%  182M 0s
 12200K .......... .......... .......... .......... .......... 75%  211M 0s
 12250K .......... .......... .......... .......... .......... 75%  200M 0s
 12300K .......... .......... .......... .......... .......... 76%  206M 0s
 12350K .......... .......... .......... .......... .......... 76%  168M 0s
 12400K .......... .......... .......... .......... .......... 76%  195M 0s
 12450K .......... .......... .......... .......... .......... 76%  208M 0s
 12500K .......... .......... .......... .......... .......... 77% 1.76M 0s
 12550K .......... .......... .......... .......... .......... 77%  105M 0s
 12600K .......... .......... .......... .......... .......... 77%  167M 0s
 12650K .......... .......... .......... .......... .......... 78%  212M 0s
 12700K .......... .......... .......... .......... .......... 78%  196M 0s
 12750K .......... .......... .......... .......... .......... 78%  142M 0s
 12800K .......... .......... .......... .......... .......... 79%  145M 0s
 12850K .......... .......... .......... .......... .......... 79%  186M 0s
 12900K .......... .......... .......... .......... .......... 79%  196M 0s
 12950K .......... .......... .......... .......... .......... 80%  187M 0s
 13000K .......... .......... .......... .......... .......... 80%  195M 0s
 13050K .......... .......... .......... .......... .......... 80%  199M 0s
 13100K .......... .......... .......... .......... .......... 80%  189M 0s
 13150K .......... .......... .......... .......... .......... 81%  165M 0s
 13200K .......... .......... .......... .......... .......... 81%  223M 0s
 13250K .......... .......... .......... .......... .......... 81%  184M 0s
 13300K .......... .......... .......... .......... .......... 82%  210M 0s
 13350K .......... .......... .......... .......... .......... 82%  154M 0s
 13400K .......... .......... .......... .......... .......... 82%  162M 0s
 13450K .......... .......... .......... .......... .......... 83%  199M 0s
 13500K .......... .......... .......... .......... .......... 83%  169M 0s
 13550K .......... .......... .......... .......... .......... 83%  162M 0s
 13600K .......... .......... .......... .......... .......... 84%  186M 0s
 13650K .......... .......... .......... .......... .......... 84%  202M 0s
 13700K .......... .......... .......... .......... .......... 84%  219M 0s
 13750K .......... .......... .......... .......... .......... 84%  189M 0s
 13800K .......... .......... .......... .......... .......... 85%  201M 0s
 13850K .......... .......... .......... .......... .......... 85%  197M 0s
 13900K .......... .......... .......... .......... .......... 85%  209M 0s
 13950K .......... .......... .......... .......... .......... 86%  173M 0s
 14000K .......... .......... .......... .......... .......... 86%  198M 0s
 14050K .......... .......... .......... .......... .......... 86%  204M 0s
 14100K .......... .......... .......... .......... .......... 87%  194M 0s
 14150K .......... .......... .......... .......... .......... 87%  181M 0s
 14200K .......... .......... .......... .......... .......... 87%  202M 0s
 14250K .......... .......... .......... .......... .......... 88%  208M 0s
 14300K .......... .......... .......... .......... .......... 88%  190M 0s
 14350K .......... .......... .......... .......... .......... 88%  163M 0s
 14400K .......... .......... .......... .......... .......... 88%  208M 0s
 14450K .......... .......... .......... .......... .......... 89%  195M 0s
 14500K .......... .......... .......... .......... .......... 89%  205M 0s
 14550K .......... .......... .......... .......... .......... 89%  177M 0s
 14600K .......... .......... .......... .......... .......... 90%  202M 0s
 14650K .......... .......... .......... .......... .......... 90%  213M 0s
 14700K .......... .......... .......... .......... .......... 90%  206M 0s
 14750K .......... .......... .......... .......... .......... 91%  172M 0s
 14800K .......... .......... .......... .......... .......... 91%  200M 0s
 14850K .......... .......... .......... .......... .......... 91%  200M 0s
 14900K .......... .......... .......... .......... .......... 92%  201M 0s
 14950K .......... .......... .......... .......... .......... 92% 1.85M 0s
 15000K .......... .......... .......... .......... .......... 92% 87.0M 0s
 15050K .......... .......... .......... .......... .......... 92%  179M 0s
 15100K .......... .......... .......... .......... .......... 93%  201M 0s
 15150K .......... .......... .......... .......... .......... 93%  152M 0s
 15200K .......... .......... .......... .......... .......... 93%  197M 0s
 15250K .......... .......... .......... .......... .......... 94%  190M 0s
 15300K .......... .......... .......... .......... .......... 94%  189M 0s
 15350K .......... .......... .......... .......... .......... 94%  154M 0s
 15400K .......... .......... .......... .......... .......... 95%  179M 0s
 15450K .......... .......... .......... .......... .......... 95%  193M 0s
 15500K .......... .......... .......... .......... .......... 95%  196M 0s
 15550K .......... .......... .......... .......... .......... 96%  159M 0s
 15600K .......... .......... .......... .......... .......... 96%  185M 0s
 15650K .......... .......... .......... .......... .......... 96%  207M 0s
 15700K .......... .......... .......... .......... .......... 97%  198M 0s
 15750K .......... .......... .......... .......... .......... 97%  186M 0s
 15800K .......... .......... .......... .......... .......... 97%  205M 0s
 15850K .......... .......... .......... .......... .......... 97%  205M 0s
 15900K .......... .......... .......... .......... .......... 98%  211M 0s
 15950K .......... .......... .......... .......... .......... 98%  190M 0s
 16000K .......... .......... .......... .......... .......... 98%  196M 0s
 16050K .......... .......... .......... .......... .......... 99%  208M 0s
 16100K .......... .......... .......... .......... .......... 99%  202M 0s
 16150K .......... .......... .......... .......... .......... 99%  174M 0s
 16200K .......... .......... .......... ......               100%  218M=0.5s

2024-09-10 07:52:00 (33.1 MB/s) - ‘helm-v3.15.4-linux-amd64.tar.gz’ saved [16626315/16626315]

linux-amd64/helm
Cloning into 'k8s-infra'...
CLUSTER_NAME : tf9
Create nfs namespace
namespace/nfs created
Add helm stable repo
WARNING: Kubernetes configuration file is group-readable. This is insecure. Location: tf9-CONTROL-PLANE-NODE-1.yaml
WARNING: Kubernetes configuration file is world-readable. This is insecure. Location: tf9-CONTROL-PLANE-NODE-1.yaml
"csi-driver-nfs" has been added to your repositories
WARNING: Kubernetes configuration file is group-readable. This is insecure. Location: tf9-CONTROL-PLANE-NODE-1.yaml
WARNING: Kubernetes configuration file is world-readable. This is insecure. Location: tf9-CONTROL-PLANE-NODE-1.yaml
Hang tight while we grab the latest from your chart repositories...
...Successfully got an update from the "csi-driver-nfs" chart repository
Update Complete. ⎈Happy Helming!⎈
Installing NFS client provisioner
WARNING: Kubernetes configuration file is group-readable. This is insecure. Location: tf9-CONTROL-PLANE-NODE-1.yaml
WARNING: Kubernetes configuration file is world-readable. This is insecure. Location: tf9-CONTROL-PLANE-NODE-1.yaml
NAME: csi-driver-nfs
LAST DEPLOYED: Tue Sep 10 07:52:03 2024
NAMESPACE: nfs
STATUS: deployed
REVISION: 1
TEST SUITE: None
NOTES:
The CSI NFS Driver is getting deployed to your cluster.

To check CSI NFS Driver pods status, please run:

  kubectl --namespace=nfs get pods --selector="app.kubernetes.io/instance=csi-driver-nfs" --watch
Patching the StorageClass to set it as default
storageclass.storage.k8s.io/nfs-csi patched
NFS csi  installation and configuration completed.
